language: go
go:
- 1.12

scripts:
- make build
- make test
