version: 2.1
jobs:
  build:
    docker:
      - image: golang/golang:1.12
    steps:
      - checkout
      - run:
        name: Build
        command: |
          make build

  test:
    docker:
      - image: golang/golang:1.12
    steps:
      - checkout
      - run:
        name: Test
        command: |
          make test


workflow:
  version: 2.1
  build_and_test:
    jobs:
      - build
      - test
